// Vitest Snapshot v1, https://vitest.dev/guide/snapshot.html

exports[`omissions > holds the coarse tier's shortfall across every preset 1`] = `
{
  "africa": [
    "CV",
    "KM",
    "MU",
    "SC",
    "ST",
  ],
  "asia": [
    "BH",
    "HK",
    "MO",
    "MV",
    "SG",
  ],
  "caribbean": [
    "AG",
    "AI",
    "AW",
    "BB",
    "BL",
    "CW",
    "DM",
    "GD",
    "KN",
    "KY",
    "LC",
    "MF",
    "MS",
    "SX",
    "TC",
    "VC",
    "VG",
    "VI",
  ],
  "central-africa": [
    "ST",
  ],
  "east-asia": [
    "HK",
    "MO",
  ],
  "europe": [
    "AD",
    "LI",
    "MC",
    "MT",
    "SM",
    "VA",
  ],
  "mediterranean": [
    "AD",
    "MC",
    "MT",
    "SM",
    "VA",
  ],
  "middle-east": [
    "BH",
  ],
  "nordics": [
    "AX",
    "FO",
  ],
  "north-america": [
    "AG",
    "BB",
    "DM",
    "GD",
    "KN",
    "LC",
    "VC",
  ],
  "oceania": [
    "FM",
    "KI",
    "MH",
    "NR",
    "PF",
    "PW",
    "TO",
    "WS",
  ],
  "pacific": [
    "AS",
    "CK",
    "FM",
    "GU",
    "KI",
    "MH",
    "MP",
    "NF",
    "NR",
    "NU",
    "PF",
    "PN",
    "PW",
    "TO",
    "WF",
    "WS",
  ],
  "south-asia": [
    "MV",
  ],
  "southeast-asia": [
    "SG",
  ],
  "west-africa": [
    "CV",
  ],
  "west-europe": [
    "AD",
    "LI",
    "MC",
    "SM",
    "VA",
  ],
}
`;
